Time resolution is 1 ps
TINYVIT_BOOT_STREAM_V1



========================================

Longxin LSME-128I TinyViT zizhu IP yanshi

========================================

[Shuoming] DVI xianshi: shuru tuxiang, zhuyili re tu, leibie defen he xingneng jishuqi

[Shuoming] LED xianshi yuce leibie, shumaguan xianshi qiwang/yuce leibie

[Zhunque lv] Fudian cankao=85.64%, zhengshu yingjian cankao=81.15%

[Caozuo] Shiyong boma kaiguan SW[3:0] xuanze yangli 0~9, gaibian hou zidong chongxin tuili

[Biaozhi] Guan jian yingwen biaozhi: TINYVIT_DEMO_PASS / TINYVIT_DEMO_FAIL



[Yanshi] Kaishi TinyViT zizhu IP tuili

[Shuru] Yangli=0, Fashion-MNIST ceshi bianhao=1403

[Jieguo] Qiwang leibie=0 (T-shirt/top/T-xu), yuce leibie=0 (T-shirt/top/T-xu)

[Jiaoyan] Zhuwei yizhi=shi/yes, fenlei zhengque=shi/yes

[Defen] logits: 62495 12017 -1841 6929 -37231 -7190 17176 -18930 -4761 -23736

[Xingneng] Bingxing tongdao=64, zhouqi=1477854, miaoshufu=12, MOPA=12824, hong wapian=2179, Softmax hang=256

[Fenjie] Yinqing=1063052, jisuan=49408, fangcun dengdai=0, chongdie=0, AXI du=126348, AXI xie=26672, mo miaoshufu=1791

[Jielun] Yingjian IP jieguo tongguo cankao jiaoyan

TINYVIT_DEMO_PASS

==============================================================
Test end!
$finish called at time : 103611705 ns : File "/home/liumingjian/mloongson/ciciec2026_lsme_tinyvit/sim/mycpu_tb.v" Line 212
INFO: xsimkernel Simulation Memory Usage: 302000 KB (Peak: 352856 KB), Simulation CPU Usage: 223060 ms
