Copyright 1986-2022 Xilinx, Inc. All Rights Reserved. Copyright 2022-2025 Advanced Micro Devices, Inc. All Rights Reserved.
---------------------------------------------------------------------------------------------------------------------------------------------
| Tool Version : Vivado v.2025.2 (lin64) Build 6299465 Fri Nov 14 12:34:56 MST 2025
| Date         : Sun Jul 26 13:51:36 2026
| Host         : memnotop running 64-bit Ubuntu 26.04 LTS
| Command      : report_drc -file project/drc.rpt
| Design       : soc_top
| Device       : xc7a200tfbg676-1
| Speed File   : -1
| Design State : Fully Routed
---------------------------------------------------------------------------------------------------------------------------------------------

Report DRC

Table of Contents
-----------------
1. REPORT SUMMARY
2. REPORT DETAILS

1. REPORT SUMMARY
-----------------
            Netlist: netlist
          Floorplan: impl_1
      Design limits: <entire design considered>
           Ruledeck: default
             Max checks: <unlimited>
             Checks found: 42
+-----------+----------+----------------------------+--------+
| Rule      | Severity | Description                | Checks |
+-----------+----------+----------------------------+--------+
| CHECK-3   | Warning  | Report rule limit reached  | 2      |
| REQP-1839 | Warning  | RAMB36 async control check | 20     |
| REQP-1840 | Warning  | RAMB18 async control check | 20     |
+-----------+----------+----------------------------+--------+

2. REPORT DETAILS
-----------------
CHECK-3#1 Warning
Report rule limit reached  
REQP-1839 rule limit reached: 20 violations have been found.
Related violations: <none>

CHECK-3#2 Warning
Report rule limit reached  
REQP-1840 rule limit reached: 20 violations have been found.
Related violations: <none>

REQP-1839#1 Warning
RAMB36 async control check  
The RAMB36E1 u_lsme/u_exec/u_gemm_v2/u_a_scratch/memory_reg has an input control pin u_lsme/u_exec/u_gemm_v2/u_a_scratch/memory_reg/ADDRARDADDR[10] (net: u_lsme/u_exec/u_gemm_v2/u_a_scratch/memory_reg_i_6_n_0) which is driven by a register (u_AxiCrossbar_2x8/axiIn_1_readOnly_decoder/errorSlave/sendRsp_reg) that has an active asychronous set or reset. This may cause corruption of the memory contents and/or read values when the set/reset is asserted and is not analyzed by the default static timing analysis. It is suggested to eliminate the use of a set/reset to registers driving this RAMB pin or else use a synchronous reset in which the assertion of the reset is timed by default.
Related violations: <none>

REQP-1839#2 Warning
RAMB36 async control check  
The RAMB36E1 u_lsme/u_exec/u_gemm_v2/u_a_scratch/memory_reg has an input control pin u_lsme/u_exec/u_gemm_v2/u_a_scratch/memory_reg/ADDRARDADDR[10] (net: u_lsme/u_exec/u_gemm_v2/u_a_scratch/memory_reg_i_6_n_0) which is driven by a register (u_axi_ram/u_axi_sram_sp/FSM_onehot_state_q_reg[4]) that has an active asychronous set or reset. This may cause corruption of the memory contents and/or read values when the set/reset is asserted and is not analyzed by the default static timing analysis. It is suggested to eliminate the use of a set/reset to registers driving this RAMB pin or else use a synchronous reset in which the assertion of the reset is timed by default.
Related violations: <none>

REQP-1839#3 Warning
RAMB36 async control check  
The RAMB36E1 u_lsme/u_exec/u_gemm_v2/u_a_scratch/memory_reg has an input control pin u_lsme/u_exec/u_gemm_v2/u_a_scratch/memory_reg/ADDRARDADDR[10] (net: u_lsme/u_exec/u_gemm_v2/u_a_scratch/memory_reg_i_6_n_0) which is driven by a register (u_axi_ram/u_axi_sram_sp/id_q_reg[4]) that has an active asychronous set or reset. This may cause corruption of the memory contents and/or read values when the set/reset is asserted and is not analyzed by the default static timing analysis. It is suggested to eliminate the use of a set/reset to registers driving this RAMB pin or else use a synchronous reset in which the assertion of the reset is timed by default.
Related violations: <none>

REQP-1839#4 Warning
RAMB36 async control check  
The RAMB36E1 u_lsme/u_exec/u_gemm_v2/u_a_scratch/memory_reg has an input control pin u_lsme/u_exec/u_gemm_v2/u_a_scratch/memory_reg/ADDRARDADDR[11] (net: u_lsme/u_exec/u_gemm_v2/u_a_scratch/memory_reg_i_5_n_0) which is driven by a register (u_AxiCrossbar_2x8/axiIn_1_readOnly_decoder/errorSlave/sendRsp_reg) that has an active asychronous set or reset. This may cause corruption of the memory contents and/or read values when the set/reset is asserted and is not analyzed by the default static timing analysis. It is suggested to eliminate the use of a set/reset to registers driving this RAMB pin or else use a synchronous reset in which the assertion of the reset is timed by default.
Related violations: <none>

REQP-1839#5 Warning
RAMB36 async control check  
The RAMB36E1 u_lsme/u_exec/u_gemm_v2/u_a_scratch/memory_reg has an input control pin u_lsme/u_exec/u_gemm_v2/u_a_scratch/memory_reg/ADDRARDADDR[11] (net: u_lsme/u_exec/u_gemm_v2/u_a_scratch/memory_reg_i_5_n_0) which is driven by a register (u_axi_ram/u_axi_sram_sp/FSM_onehot_state_q_reg[4]) that has an active asychronous set or reset. This may cause corruption of the memory contents and/or read values when the set/reset is asserted and is not analyzed by the default static timing analysis. It is suggested to eliminate the use of a set/reset to registers driving this RAMB pin or else use a synchronous reset in which the assertion of the reset is timed by default.
Related violations: <none>

REQP-1839#6 Warning
RAMB36 async control check  
The RAMB36E1 u_lsme/u_exec/u_gemm_v2/u_a_scratch/memory_reg has an input control pin u_lsme/u_exec/u_gemm_v2/u_a_scratch/memory_reg/ADDRARDADDR[11] (net: u_lsme/u_exec/u_gemm_v2/u_a_scratch/memory_reg_i_5_n_0) which is driven by a register (u_axi_ram/u_axi_sram_sp/id_q_reg[4]) that has an active asychronous set or reset. This may cause corruption of the memory contents and/or read values when the set/reset is asserted and is not analyzed by the default static timing analysis. It is suggested to eliminate the use of a set/reset to registers driving this RAMB pin or else use a synchronous reset in which the assertion of the reset is timed by default.
Related violations: <none>

REQP-1839#7 Warning
RAMB36 async control check  
The RAMB36E1 u_lsme/u_exec/u_gemm_v2/u_a_scratch/memory_reg has an input control pin u_lsme/u_exec/u_gemm_v2/u_a_scratch/memory_reg/ADDRARDADDR[12] (net: u_lsme/u_exec/u_gemm_v2/u_a_scratch/memory_reg_i_4_n_0) which is driven by a register (u_AxiCrossbar_2x8/axiIn_1_readOnly_decoder/errorSlave/sendRsp_reg) that has an active asychronous set or reset. This may cause corruption of the memory contents and/or read values when the set/reset is asserted and is not analyzed by the default static timing analysis. It is suggested to eliminate the use of a set/reset to registers driving this RAMB pin or else use a synchronous reset in which the assertion of the reset is timed by default.
Related violations: <none>

REQP-1839#8 Warning
RAMB36 async control check  
The RAMB36E1 u_lsme/u_exec/u_gemm_v2/u_a_scratch/memory_reg has an input control pin u_lsme/u_exec/u_gemm_v2/u_a_scratch/memory_reg/ADDRARDADDR[12] (net: u_lsme/u_exec/u_gemm_v2/u_a_scratch/memory_reg_i_4_n_0) which is driven by a register (u_axi_ram/u_axi_sram_sp/FSM_onehot_state_q_reg[4]) that has an active asychronous set or reset. This may cause corruption of the memory contents and/or read values when the set/reset is asserted and is not analyzed by the default static timing analysis. It is suggested to eliminate the use of a set/reset to registers driving this RAMB pin or else use a synchronous reset in which the assertion of the reset is timed by default.
Related violations: <none>

REQP-1839#9 Warning
RAMB36 async control check  
The RAMB36E1 u_lsme/u_exec/u_gemm_v2/u_a_scratch/memory_reg has an input control pin u_lsme/u_exec/u_gemm_v2/u_a_scratch/memory_reg/ADDRARDADDR[12] (net: u_lsme/u_exec/u_gemm_v2/u_a_scratch/memory_reg_i_4_n_0) which is driven by a register (u_axi_ram/u_axi_sram_sp/id_q_reg[4]) that has an active asychronous set or reset. This may cause corruption of the memory contents and/or read values when the set/reset is asserted and is not analyzed by the default static timing analysis. It is suggested to eliminate the use of a set/reset to registers driving this RAMB pin or else use a synchronous reset in which the assertion of the reset is timed by default.
Related violations: <none>

REQP-1839#10 Warning
RAMB36 async control check  
The RAMB36E1 u_lsme/u_exec/u_gemm_v2/u_a_scratch/memory_reg has an input control pin u_lsme/u_exec/u_gemm_v2/u_a_scratch/memory_reg/ADDRARDADDR[13] (net: u_lsme/u_exec/u_gemm_v2/u_a_scratch/memory_reg_i_3_n_0) which is driven by a register (u_AxiCrossbar_2x8/axiIn_1_readOnly_decoder/errorSlave/sendRsp_reg) that has an active asychronous set or reset. This may cause corruption of the memory contents and/or read values when the set/reset is asserted and is not analyzed by the default static timing analysis. It is suggested to eliminate the use of a set/reset to registers driving this RAMB pin or else use a synchronous reset in which the assertion of the reset is timed by default.
Related violations: <none>

REQP-1839#11 Warning
RAMB36 async control check  
The RAMB36E1 u_lsme/u_exec/u_gemm_v2/u_a_scratch/memory_reg has an input control pin u_lsme/u_exec/u_gemm_v2/u_a_scratch/memory_reg/ADDRARDADDR[13] (net: u_lsme/u_exec/u_gemm_v2/u_a_scratch/memory_reg_i_3_n_0) which is driven by a register (u_axi_ram/u_axi_sram_sp/FSM_onehot_state_q_reg[4]) that has an active asychronous set or reset. This may cause corruption of the memory contents and/or read values when the set/reset is asserted and is not analyzed by the default static timing analysis. It is suggested to eliminate the use of a set/reset to registers driving this RAMB pin or else use a synchronous reset in which the assertion of the reset is timed by default.
Related violations: <none>

REQP-1839#12 Warning
RAMB36 async control check  
The RAMB36E1 u_lsme/u_exec/u_gemm_v2/u_a_scratch/memory_reg has an input control pin u_lsme/u_exec/u_gemm_v2/u_a_scratch/memory_reg/ADDRARDADDR[13] (net: u_lsme/u_exec/u_gemm_v2/u_a_scratch/memory_reg_i_3_n_0) which is driven by a register (u_axi_ram/u_axi_sram_sp/id_q_reg[4]) that has an active asychronous set or reset. This may cause corruption of the memory contents and/or read values when the set/reset is asserted and is not analyzed by the default static timing analysis. It is suggested to eliminate the use of a set/reset to registers driving this RAMB pin or else use a synchronous reset in which the assertion of the reset is timed by default.
Related violations: <none>

REQP-1839#13 Warning
RAMB36 async control check  
The RAMB36E1 u_lsme/u_exec/u_gemm_v2/u_a_scratch/memory_reg has an input control pin u_lsme/u_exec/u_gemm_v2/u_a_scratch/memory_reg/ADDRARDADDR[14] (net: u_lsme/u_exec/u_gemm_v2/u_a_scratch/memory_reg_i_2_n_0) which is driven by a register (u_AxiCrossbar_2x8/axiIn_1_readOnly_decoder/errorSlave/sendRsp_reg) that has an active asychronous set or reset. This may cause corruption of the memory contents and/or read values when the set/reset is asserted and is not analyzed by the default static timing analysis. It is suggested to eliminate the use of a set/reset to registers driving this RAMB pin or else use a synchronous reset in which the assertion of the reset is timed by default.
Related violations: <none>

REQP-1839#14 Warning
RAMB36 async control check  
The RAMB36E1 u_lsme/u_exec/u_gemm_v2/u_a_scratch/memory_reg has an input control pin u_lsme/u_exec/u_gemm_v2/u_a_scratch/memory_reg/ADDRARDADDR[14] (net: u_lsme/u_exec/u_gemm_v2/u_a_scratch/memory_reg_i_2_n_0) which is driven by a register (u_axi_ram/u_axi_sram_sp/FSM_onehot_state_q_reg[4]) that has an active asychronous set or reset. This may cause corruption of the memory contents and/or read values when the set/reset is asserted and is not analyzed by the default static timing analysis. It is suggested to eliminate the use of a set/reset to registers driving this RAMB pin or else use a synchronous reset in which the assertion of the reset is timed by default.
Related violations: <none>

REQP-1839#15 Warning
RAMB36 async control check  
The RAMB36E1 u_lsme/u_exec/u_gemm_v2/u_a_scratch/memory_reg has an input control pin u_lsme/u_exec/u_gemm_v2/u_a_scratch/memory_reg/ADDRARDADDR[14] (net: u_lsme/u_exec/u_gemm_v2/u_a_scratch/memory_reg_i_2_n_0) which is driven by a register (u_axi_ram/u_axi_sram_sp/id_q_reg[4]) that has an active asychronous set or reset. This may cause corruption of the memory contents and/or read values when the set/reset is asserted and is not analyzed by the default static timing analysis. It is suggested to eliminate the use of a set/reset to registers driving this RAMB pin or else use a synchronous reset in which the assertion of the reset is timed by default.
Related violations: <none>

REQP-1839#16 Warning
RAMB36 async control check  
The RAMB36E1 u_lsme/u_exec/u_gemm_v2/u_a_scratch/memory_reg has an input control pin u_lsme/u_exec/u_gemm_v2/u_a_scratch/memory_reg/ADDRARDADDR[8] (net: u_lsme/u_exec/u_gemm_v2/u_a_scratch/memory_reg_i_8_n_0) which is driven by a register (u_AxiCrossbar_2x8/axiIn_1_readOnly_decoder/errorSlave/sendRsp_reg) that has an active asychronous set or reset. This may cause corruption of the memory contents and/or read values when the set/reset is asserted and is not analyzed by the default static timing analysis. It is suggested to eliminate the use of a set/reset to registers driving this RAMB pin or else use a synchronous reset in which the assertion of the reset is timed by default.
Related violations: <none>

REQP-1839#17 Warning
RAMB36 async control check  
The RAMB36E1 u_lsme/u_exec/u_gemm_v2/u_a_scratch/memory_reg has an input control pin u_lsme/u_exec/u_gemm_v2/u_a_scratch/memory_reg/ADDRARDADDR[8] (net: u_lsme/u_exec/u_gemm_v2/u_a_scratch/memory_reg_i_8_n_0) which is driven by a register (u_axi_ram/u_axi_sram_sp/FSM_onehot_state_q_reg[4]) that has an active asychronous set or reset. This may cause corruption of the memory contents and/or read values when the set/reset is asserted and is not analyzed by the default static timing analysis. It is suggested to eliminate the use of a set/reset to registers driving this RAMB pin or else use a synchronous reset in which the assertion of the reset is timed by default.
Related violations: <none>

REQP-1839#18 Warning
RAMB36 async control check  
The RAMB36E1 u_lsme/u_exec/u_gemm_v2/u_a_scratch/memory_reg has an input control pin u_lsme/u_exec/u_gemm_v2/u_a_scratch/memory_reg/ADDRARDADDR[9] (net: u_lsme/u_exec/u_gemm_v2/u_a_scratch/memory_reg_i_7_n_0) which is driven by a register (u_AxiCrossbar_2x8/axiIn_1_readOnly_decoder/errorSlave/sendRsp_reg) that has an active asychronous set or reset. This may cause corruption of the memory contents and/or read values when the set/reset is asserted and is not analyzed by the default static timing analysis. It is suggested to eliminate the use of a set/reset to registers driving this RAMB pin or else use a synchronous reset in which the assertion of the reset is timed by default.
Related violations: <none>

REQP-1839#19 Warning
RAMB36 async control check  
The RAMB36E1 u_lsme/u_exec/u_gemm_v2/u_a_scratch/memory_reg has an input control pin u_lsme/u_exec/u_gemm_v2/u_a_scratch/memory_reg/ADDRARDADDR[9] (net: u_lsme/u_exec/u_gemm_v2/u_a_scratch/memory_reg_i_7_n_0) which is driven by a register (u_axi_ram/u_axi_sram_sp/FSM_onehot_state_q_reg[4]) that has an active asychronous set or reset. This may cause corruption of the memory contents and/or read values when the set/reset is asserted and is not analyzed by the default static timing analysis. It is suggested to eliminate the use of a set/reset to registers driving this RAMB pin or else use a synchronous reset in which the assertion of the reset is timed by default.
Related violations: <none>

REQP-1839#20 Warning
RAMB36 async control check  
The RAMB36E1 u_lsme/u_exec/u_gemm_v2/u_a_scratch/memory_reg has an input control pin u_lsme/u_exec/u_gemm_v2/u_a_scratch/memory_reg/ADDRARDADDR[9] (net: u_lsme/u_exec/u_gemm_v2/u_a_scratch/memory_reg_i_7_n_0) which is driven by a register (u_axi_ram/u_axi_sram_sp/id_q_reg[4]) that has an active asychronous set or reset. This may cause corruption of the memory contents and/or read values when the set/reset is asserted and is not analyzed by the default static timing analysis. It is suggested to eliminate the use of a set/reset to registers driving this RAMB pin or else use a synchronous reset in which the assertion of the reset is timed by default.
Related violations: <none>

REQP-1840#1 Warning
RAMB18 async control check  
The RAMB18E1 u_cpu/icache/data_ram_way[1].data_ram_bank[0].u/mem_reg_reg has an input control pin u_cpu/icache/data_ram_way[1].data_ram_bank[0].u/mem_reg_reg/ADDRARDADDR[10] (net: u_cpu/icache/data_ram_way[1].data_ram_bank[0].u/ADDRARDADDR[5]) which is driven by a register (u_Axi_CDC/rFifo/popCC_addressGen_rValid_reg) that has an active asychronous set or reset. This may cause corruption of the memory contents and/or read values when the set/reset is asserted and is not analyzed by the default static timing analysis. It is suggested to eliminate the use of a set/reset to registers driving this RAMB pin or else use a synchronous reset in which the assertion of the reset is timed by default.
Related violations: <none>

REQP-1840#2 Warning
RAMB18 async control check  
The RAMB18E1 u_cpu/icache/data_ram_way[1].data_ram_bank[0].u/mem_reg_reg has an input control pin u_cpu/icache/data_ram_way[1].data_ram_bank[0].u/mem_reg_reg/ADDRARDADDR[11] (net: u_cpu/icache/data_ram_way[1].data_ram_bank[0].u/ADDRARDADDR[6]) which is driven by a register (u_Axi_CDC/rFifo/popCC_addressGen_rValid_reg) that has an active asychronous set or reset. This may cause corruption of the memory contents and/or read values when the set/reset is asserted and is not analyzed by the default static timing analysis. It is suggested to eliminate the use of a set/reset to registers driving this RAMB pin or else use a synchronous reset in which the assertion of the reset is timed by default.
Related violations: <none>

REQP-1840#3 Warning
RAMB18 async control check  
The RAMB18E1 u_cpu/icache/data_ram_way[1].data_ram_bank[0].u/mem_reg_reg has an input control pin u_cpu/icache/data_ram_way[1].data_ram_bank[0].u/mem_reg_reg/ADDRARDADDR[12] (net: u_cpu/icache/data_ram_way[1].data_ram_bank[0].u/ADDRARDADDR[7]) which is driven by a register (u_Axi_CDC/rFifo/popCC_addressGen_rValid_reg) that has an active asychronous set or reset. This may cause corruption of the memory contents and/or read values when the set/reset is asserted and is not analyzed by the default static timing analysis. It is suggested to eliminate the use of a set/reset to registers driving this RAMB pin or else use a synchronous reset in which the assertion of the reset is timed by default.
Related violations: <none>

REQP-1840#4 Warning
RAMB18 async control check  
The RAMB18E1 u_cpu/icache/data_ram_way[1].data_ram_bank[0].u/mem_reg_reg has an input control pin u_cpu/icache/data_ram_way[1].data_ram_bank[0].u/mem_reg_reg/ADDRARDADDR[5] (net: u_cpu/icache/data_ram_way[1].data_ram_bank[0].u/ADDRARDADDR[0]) which is driven by a register (u_Axi_CDC/rFifo/popCC_addressGen_rValid_reg) that has an active asychronous set or reset. This may cause corruption of the memory contents and/or read values when the set/reset is asserted and is not analyzed by the default static timing analysis. It is suggested to eliminate the use of a set/reset to registers driving this RAMB pin or else use a synchronous reset in which the assertion of the reset is timed by default.
Related violations: <none>

REQP-1840#5 Warning
RAMB18 async control check  
The RAMB18E1 u_cpu/icache/data_ram_way[1].data_ram_bank[0].u/mem_reg_reg has an input control pin u_cpu/icache/data_ram_way[1].data_ram_bank[0].u/mem_reg_reg/ADDRARDADDR[6] (net: u_cpu/icache/data_ram_way[1].data_ram_bank[0].u/ADDRARDADDR[1]) which is driven by a register (u_Axi_CDC/rFifo/popCC_addressGen_rValid_reg) that has an active asychronous set or reset. This may cause corruption of the memory contents and/or read values when the set/reset is asserted and is not analyzed by the default static timing analysis. It is suggested to eliminate the use of a set/reset to registers driving this RAMB pin or else use a synchronous reset in which the assertion of the reset is timed by default.
Related violations: <none>

REQP-1840#6 Warning
RAMB18 async control check  
The RAMB18E1 u_cpu/icache/data_ram_way[1].data_ram_bank[0].u/mem_reg_reg has an input control pin u_cpu/icache/data_ram_way[1].data_ram_bank[0].u/mem_reg_reg/ADDRARDADDR[7] (net: u_cpu/icache/data_ram_way[1].data_ram_bank[0].u/ADDRARDADDR[2]) which is driven by a register (u_Axi_CDC/rFifo/popCC_addressGen_rValid_reg) that has an active asychronous set or reset. This may cause corruption of the memory contents and/or read values when the set/reset is asserted and is not analyzed by the default static timing analysis. It is suggested to eliminate the use of a set/reset to registers driving this RAMB pin or else use a synchronous reset in which the assertion of the reset is timed by default.
Related violations: <none>

REQP-1840#7 Warning
RAMB18 async control check  
The RAMB18E1 u_cpu/icache/data_ram_way[1].data_ram_bank[0].u/mem_reg_reg has an input control pin u_cpu/icache/data_ram_way[1].data_ram_bank[0].u/mem_reg_reg/ADDRARDADDR[8] (net: u_cpu/icache/data_ram_way[1].data_ram_bank[0].u/ADDRARDADDR[3]) which is driven by a register (u_Axi_CDC/rFifo/popCC_addressGen_rValid_reg) that has an active asychronous set or reset. This may cause corruption of the memory contents and/or read values when the set/reset is asserted and is not analyzed by the default static timing analysis. It is suggested to eliminate the use of a set/reset to registers driving this RAMB pin or else use a synchronous reset in which the assertion of the reset is timed by default.
Related violations: <none>

REQP-1840#8 Warning
RAMB18 async control check  
The RAMB18E1 u_cpu/icache/data_ram_way[1].data_ram_bank[0].u/mem_reg_reg has an input control pin u_cpu/icache/data_ram_way[1].data_ram_bank[0].u/mem_reg_reg/ADDRARDADDR[9] (net: u_cpu/icache/data_ram_way[1].data_ram_bank[0].u/ADDRARDADDR[4]) which is driven by a register (u_Axi_CDC/rFifo/popCC_addressGen_rValid_reg) that has an active asychronous set or reset. This may cause corruption of the memory contents and/or read values when the set/reset is asserted and is not analyzed by the default static timing analysis. It is suggested to eliminate the use of a set/reset to registers driving this RAMB pin or else use a synchronous reset in which the assertion of the reset is timed by default.
Related violations: <none>

REQP-1840#9 Warning
RAMB18 async control check  
The RAMB18E1 u_cpu/icache/data_ram_way[1].data_ram_bank[0].u/mem_reg_reg has an input control pin u_cpu/icache/data_ram_way[1].data_ram_bank[0].u/mem_reg_reg/ADDRBWRADDR[10] (net: u_cpu/icache/data_ram_way[1].data_ram_bank[0].u/ADDRARDADDR[5]) which is driven by a register (u_Axi_CDC/rFifo/popCC_addressGen_rValid_reg) that has an active asychronous set or reset. This may cause corruption of the memory contents and/or read values when the set/reset is asserted and is not analyzed by the default static timing analysis. It is suggested to eliminate the use of a set/reset to registers driving this RAMB pin or else use a synchronous reset in which the assertion of the reset is timed by default.
Related violations: <none>

REQP-1840#10 Warning
RAMB18 async control check  
The RAMB18E1 u_cpu/icache/data_ram_way[1].data_ram_bank[0].u/mem_reg_reg has an input control pin u_cpu/icache/data_ram_way[1].data_ram_bank[0].u/mem_reg_reg/ADDRBWRADDR[11] (net: u_cpu/icache/data_ram_way[1].data_ram_bank[0].u/ADDRARDADDR[6]) which is driven by a register (u_Axi_CDC/rFifo/popCC_addressGen_rValid_reg) that has an active asychronous set or reset. This may cause corruption of the memory contents and/or read values when the set/reset is asserted and is not analyzed by the default static timing analysis. It is suggested to eliminate the use of a set/reset to registers driving this RAMB pin or else use a synchronous reset in which the assertion of the reset is timed by default.
Related violations: <none>

REQP-1840#11 Warning
RAMB18 async control check  
The RAMB18E1 u_cpu/icache/data_ram_way[1].data_ram_bank[0].u/mem_reg_reg has an input control pin u_cpu/icache/data_ram_way[1].data_ram_bank[0].u/mem_reg_reg/ADDRBWRADDR[12] (net: u_cpu/icache/data_ram_way[1].data_ram_bank[0].u/ADDRARDADDR[7]) which is driven by a register (u_Axi_CDC/rFifo/popCC_addressGen_rValid_reg) that has an active asychronous set or reset. This may cause corruption of the memory contents and/or read values when the set/reset is asserted and is not analyzed by the default static timing analysis. It is suggested to eliminate the use of a set/reset to registers driving this RAMB pin or else use a synchronous reset in which the assertion of the reset is timed by default.
Related violations: <none>

REQP-1840#12 Warning
RAMB18 async control check  
The RAMB18E1 u_cpu/icache/data_ram_way[1].data_ram_bank[0].u/mem_reg_reg has an input control pin u_cpu/icache/data_ram_way[1].data_ram_bank[0].u/mem_reg_reg/ADDRBWRADDR[5] (net: u_cpu/icache/data_ram_way[1].data_ram_bank[0].u/ADDRARDADDR[0]) which is driven by a register (u_Axi_CDC/rFifo/popCC_addressGen_rValid_reg) that has an active asychronous set or reset. This may cause corruption of the memory contents and/or read values when the set/reset is asserted and is not analyzed by the default static timing analysis. It is suggested to eliminate the use of a set/reset to registers driving this RAMB pin or else use a synchronous reset in which the assertion of the reset is timed by default.
Related violations: <none>

REQP-1840#13 Warning
RAMB18 async control check  
The RAMB18E1 u_cpu/icache/data_ram_way[1].data_ram_bank[0].u/mem_reg_reg has an input control pin u_cpu/icache/data_ram_way[1].data_ram_bank[0].u/mem_reg_reg/ADDRBWRADDR[6] (net: u_cpu/icache/data_ram_way[1].data_ram_bank[0].u/ADDRARDADDR[1]) which is driven by a register (u_Axi_CDC/rFifo/popCC_addressGen_rValid_reg) that has an active asychronous set or reset. This may cause corruption of the memory contents and/or read values when the set/reset is asserted and is not analyzed by the default static timing analysis. It is suggested to eliminate the use of a set/reset to registers driving this RAMB pin or else use a synchronous reset in which the assertion of the reset is timed by default.
Related violations: <none>

REQP-1840#14 Warning
RAMB18 async control check  
The RAMB18E1 u_cpu/icache/data_ram_way[1].data_ram_bank[0].u/mem_reg_reg has an input control pin u_cpu/icache/data_ram_way[1].data_ram_bank[0].u/mem_reg_reg/ADDRBWRADDR[7] (net: u_cpu/icache/data_ram_way[1].data_ram_bank[0].u/ADDRARDADDR[2]) which is driven by a register (u_Axi_CDC/rFifo/popCC_addressGen_rValid_reg) that has an active asychronous set or reset. This may cause corruption of the memory contents and/or read values when the set/reset is asserted and is not analyzed by the default static timing analysis. It is suggested to eliminate the use of a set/reset to registers driving this RAMB pin or else use a synchronous reset in which the assertion of the reset is timed by default.
Related violations: <none>

REQP-1840#15 Warning
RAMB18 async control check  
The RAMB18E1 u_cpu/icache/data_ram_way[1].data_ram_bank[0].u/mem_reg_reg has an input control pin u_cpu/icache/data_ram_way[1].data_ram_bank[0].u/mem_reg_reg/ADDRBWRADDR[8] (net: u_cpu/icache/data_ram_way[1].data_ram_bank[0].u/ADDRARDADDR[3]) which is driven by a register (u_Axi_CDC/rFifo/popCC_addressGen_rValid_reg) that has an active asychronous set or reset. This may cause corruption of the memory contents and/or read values when the set/reset is asserted and is not analyzed by the default static timing analysis. It is suggested to eliminate the use of a set/reset to registers driving this RAMB pin or else use a synchronous reset in which the assertion of the reset is timed by default.
Related violations: <none>

REQP-1840#16 Warning
RAMB18 async control check  
The RAMB18E1 u_cpu/icache/data_ram_way[1].data_ram_bank[0].u/mem_reg_reg has an input control pin u_cpu/icache/data_ram_way[1].data_ram_bank[0].u/mem_reg_reg/ADDRBWRADDR[9] (net: u_cpu/icache/data_ram_way[1].data_ram_bank[0].u/ADDRARDADDR[4]) which is driven by a register (u_Axi_CDC/rFifo/popCC_addressGen_rValid_reg) that has an active asychronous set or reset. This may cause corruption of the memory contents and/or read values when the set/reset is asserted and is not analyzed by the default static timing analysis. It is suggested to eliminate the use of a set/reset to registers driving this RAMB pin or else use a synchronous reset in which the assertion of the reset is timed by default.
Related violations: <none>

REQP-1840#17 Warning
RAMB18 async control check  
The RAMB18E1 u_cpu/icache/data_ram_way[1].data_ram_bank[0].u/mem_reg_reg has an input control pin u_cpu/icache/data_ram_way[1].data_ram_bank[0].u/mem_reg_reg/ENARDEN (net: u_cpu/icache/data_ram_way[1].data_ram_bank[0].u/mem_reg_reg_i_1__2_n_0) which is driven by a register (u_Axi_CDC/rFifo/popCC_addressGen_rValid_reg) that has an active asychronous set or reset. This may cause corruption of the memory contents and/or read values when the set/reset is asserted and is not analyzed by the default static timing analysis. It is suggested to eliminate the use of a set/reset to registers driving this RAMB pin or else use a synchronous reset in which the assertion of the reset is timed by default.
Related violations: <none>

REQP-1840#18 Warning
RAMB18 async control check  
The RAMB18E1 u_cpu/icache/data_ram_way[1].data_ram_bank[0].u/mem_reg_reg has an input control pin u_cpu/icache/data_ram_way[1].data_ram_bank[0].u/mem_reg_reg/ENBWREN (net: u_cpu/icache/data_ram_way[1].data_ram_bank[0].u/mem_reg_reg_i_2__3_n_0) which is driven by a register (u_Axi_CDC/rFifo/popCC_addressGen_rValid_reg) that has an active asychronous set or reset. This may cause corruption of the memory contents and/or read values when the set/reset is asserted and is not analyzed by the default static timing analysis. It is suggested to eliminate the use of a set/reset to registers driving this RAMB pin or else use a synchronous reset in which the assertion of the reset is timed by default.
Related violations: <none>

REQP-1840#19 Warning
RAMB18 async control check  
The RAMB18E1 u_lsme/u_exec/u_softmax/reciprocal_reg has an input control pin u_lsme/u_exec/u_softmax/reciprocal_reg/ENARDEN (net: u_lsme/u_exec/u_softmax/reciprocal_reg_i_1_n_0) which is driven by a register (pll_clk.u_rst_sys/delay_reg[1]) that has an active asychronous set or reset. This may cause corruption of the memory contents and/or read values when the set/reset is asserted and is not analyzed by the default static timing analysis. It is suggested to eliminate the use of a set/reset to registers driving this RAMB pin or else use a synchronous reset in which the assertion of the reset is timed by default.
Related violations: <none>

REQP-1840#20 Warning
RAMB18 async control check  
The RAMB18E1 u_lsme/u_exec/u_softmax/reciprocal_reg has an input control pin u_lsme/u_exec/u_softmax/reciprocal_reg/RSTRAMARSTRAM (net: u_lsme/u_exec/u_softmax/FSM_sequential_state_reg[2]_0[0]) which is driven by a register (pll_clk.u_rst_sys/delay_reg[1]) that has an active asychronous set or reset. This may cause corruption of the memory contents and/or read values when the set/reset is asserted and is not analyzed by the default static timing analysis. It is suggested to eliminate the use of a set/reset to registers driving this RAMB pin or else use a synchronous reset in which the assertion of the reset is timed by default.
Related violations: <none>


